2026-09-19 15:02:41,670 INFO o.a.j.u.JMeterUtils: Setting Locale to en_EN
2026-09-19 15:02:41,692 INFO o.a.j.JMeter: Loading user properties from: D:\apache-jmeter-5.6.3\bin\user.properties
2026-09-19 15:02:41,693 INFO o.a.j.JMeter: Loading system properties from: D:\apache-jmeter-5.6.3\bin\system.properties
2026-09-19 15:02:41,700 INFO o.a.j.JMeter: Copyright (c) 1998-2024 The Apache Software Foundation
2026-09-19 15:02:41,700 INFO o.a.j.JMeter: Version 5.6.3
2026-09-19 15:02:41,700 INFO o.a.j.JMeter: java.version=21.0.2
2026-09-19 15:02:41,700 INFO o.a.j.JMeter: java.vm.name=OpenJDK 64-Bit Server VM
2026-09-19 15:02:41,700 INFO o.a.j.JMeter: os.name=Windows 11
2026-09-19 15:02:41,700 INFO o.a.j.JMeter: os.arch=amd64
2026-09-19 15:02:41,700 INFO o.a.j.JMeter: os.version=10.0
2026-09-19 15:02:41,701 INFO o.a.j.JMeter: file.encoding=UTF-8
2026-09-19 15:02:41,701 INFO o.a.j.JMeter: java.awt.headless=true
2026-09-19 15:02:41,701 INFO o.a.j.JMeter: Max memory     =1073741824
2026-09-19 15:02:41,701 INFO o.a.j.JMeter: Available Processors =16
2026-09-19 15:02:41,710 INFO o.a.j.JMeter: Default Locale=English (EN)
2026-09-19 15:02:41,711 INFO o.a.j.JMeter: JMeter  Locale=English (EN)
2026-09-19 15:02:41,711 INFO o.a.j.JMeter: JMeterHome=D:\apache-jmeter-5.6.3
2026-09-19 15:02:41,711 INFO o.a.j.JMeter: user.dir  =D:\msaprocject\wishwardrobe-back
2026-09-19 15:02:41,711 INFO o.a.j.JMeter: PWD       =D:\msaprocject\wishwardrobe-back
2026-09-19 15:02:41,712 INFO o.a.j.JMeter: IP: 10.138.129.184 Name: DESKTOP-G95BRT6 FullName: DESKTOP-G95BRT6
2026-09-19 15:02:41,729 INFO o.a.j.s.FileServer: Default base='D:\msaprocject\wishwardrobe-back'
2026-09-19 15:02:41,731 INFO o.a.j.s.FileServer: Set new base='D:\apache-jmeter-5.6.3\backups'
2026-09-19 15:02:41,946 INFO o.a.j.s.SaveService: Testplan (JMX) version: 2.2. Testlog (JTL) version: 2.2
2026-09-19 15:02:41,966 INFO o.a.j.s.SaveService: Using SaveService properties version 5.0
2026-09-19 15:02:41,982 INFO o.a.j.s.SaveService: Using SaveService properties file encoding UTF-8
2026-09-19 15:02:41,987 INFO o.a.j.s.SaveService: Loading file: D:\apache-jmeter-5.6.3\backups\broadcast_address_modified.jmx
2026-09-19 15:02:42,050 INFO o.a.j.p.h.s.HTTPSamplerBase: Parser for text/html is org.apache.jmeter.protocol.http.parser.LagartoBasedHtmlParser
2026-09-19 15:02:42,050 INFO o.a.j.p.h.s.HTTPSamplerBase: Parser for application/xhtml+xml is org.apache.jmeter.protocol.http.parser.LagartoBasedHtmlParser
2026-09-19 15:02:42,050 INFO o.a.j.p.h.s.HTTPSamplerBase: Parser for application/xml is org.apache.jmeter.protocol.http.parser.LagartoBasedHtmlParser
2026-09-19 15:02:42,050 INFO o.a.j.p.h.s.HTTPSamplerBase: Parser for text/xml is org.apache.jmeter.protocol.http.parser.LagartoBasedHtmlParser
2026-09-19 15:02:42,050 INFO o.a.j.p.h.s.HTTPSamplerBase: Parser for text/vnd.wap.wml is org.apache.jmeter.protocol.http.parser.RegexpHTMLParser
2026-09-19 15:02:42,050 INFO o.a.j.p.h.s.HTTPSamplerBase: Parser for text/css is org.apache.jmeter.protocol.http.parser.CssParser
2026-09-19 15:02:42,085 INFO o.a.j.JMeter: Creating summariser <summary>
2026-09-19 15:02:42,107 INFO o.a.j.e.StandardJMeterEngine: Running the test!
2026-09-19 15:02:42,107 INFO o.a.j.s.SampleEvent: List of sample_variables: []
2026-09-19 15:02:42,107 INFO o.a.j.s.SampleEvent: List of sample_variables: []
2026-09-19 15:02:42,107 INFO o.a.j.e.u.CompoundVariable: Note: Function class names must contain the string: '.functions.'
2026-09-19 15:02:42,107 INFO o.a.j.e.u.CompoundVariable: Note: Function class names must not contain the string: '.gui.'
2026-09-19 15:02:42,195 INFO o.a.j.JMeter: Running test (1789797762194)
2026-09-19 15:02:42,211 INFO o.a.j.e.StandardJMeterEngine: Starting ThreadGroup: 1 : Thread Group
2026-09-19 15:02:42,211 INFO o.a.j.e.StandardJMeterEngine: Starting 8 threads for group Thread Group.
2026-09-19 15:02:42,211 INFO o.a.j.e.StandardJMeterEngine: Thread will continue on error
2026-09-19 15:02:42,212 INFO o.a.j.t.ThreadGroup: Starting thread group... number=1 threads=8 ramp-up=1 delayedStart=false
2026-09-19 15:02:42,224 INFO o.a.j.t.JMeterThread: Thread started: Thread Group 1-1
2026-09-19 15:02:42,224 INFO o.a.j.t.ThreadGroup: Started thread group number 1
2026-09-19 15:02:42,224 INFO o.a.j.e.StandardJMeterEngine: All thread groups have been started
2026-09-19 15:02:42,264 INFO o.a.j.p.h.s.HTTPHCAbstractImpl: Local host = DESKTOP-G95BRT6
2026-09-19 15:02:42,272 INFO o.a.j.p.h.s.HTTPHC4Impl: HTTP request retry count = 0
2026-09-19 15:02:42,274 INFO o.a.j.s.SampleResult: Note: Sample TimeStamps are START times
2026-09-19 15:02:42,274 INFO o.a.j.s.SampleResult: sampleresult.default.encoding is set to UTF-8
2026-09-19 15:02:42,274 INFO o.a.j.s.SampleResult: sampleresult.useNanoTime=true
2026-09-19 15:02:42,274 INFO o.a.j.s.SampleResult: sampleresult.nanoThreadSleep=5000
2026-09-19 15:02:42,344 INFO o.a.j.t.JMeterThread: Thread started: Thread Group 1-2
2026-09-19 15:02:42,468 INFO o.a.j.t.JMeterThread: Thread started: Thread Group 1-3
2026-09-19 15:02:42,592 INFO o.a.j.t.JMeterThread: Thread started: Thread Group 1-4
2026-09-19 15:02:42,715 INFO o.a.j.t.JMeterThread: Thread started: Thread Group 1-5
2026-09-19 15:02:42,839 INFO o.a.j.t.JMeterThread: Thread started: Thread Group 1-6
2026-09-19 15:02:42,964 INFO o.a.j.t.JMeterThread: Thread started: Thread Group 1-7
2026-09-19 15:02:43,090 INFO o.a.j.t.JMeterThread: Thread started: Thread Group 1-8
2026-09-19 15:03:03,331 INFO o.a.j.r.Summariser: summary +     57 in 00:00:21 =    2.7/s Avg:   155 Min:     8 Max:   401 Err:     0 (0.00%) Active: 8 Started: 8 Finished: 0
2026-09-19 15:03:08,544 INFO o.a.j.t.JMeterThread: Thread is done: Thread Group 1-4
2026-09-19 15:03:08,544 INFO o.a.j.t.JMeterThread: Thread finished: Thread Group 1-4
2026-09-19 15:03:08,821 INFO o.a.j.t.JMeterThread: Thread is done: Thread Group 1-3
2026-09-19 15:03:08,821 INFO o.a.j.t.JMeterThread: Thread finished: Thread Group 1-3
2026-09-19 15:03:09,322 INFO o.a.j.t.JMeterThread: Thread is done: Thread Group 1-1
2026-09-19 15:03:09,322 INFO o.a.j.t.JMeterThread: Thread finished: Thread Group 1-1
2026-09-19 15:03:09,633 INFO o.a.j.t.JMeterThread: Thread is done: Thread Group 1-2
2026-09-19 15:03:09,633 INFO o.a.j.t.JMeterThread: Thread finished: Thread Group 1-2
2026-09-19 15:03:09,639 INFO o.a.j.t.JMeterThread: Thread is done: Thread Group 1-7
2026-09-19 15:03:09,639 INFO o.a.j.t.JMeterThread: Thread finished: Thread Group 1-7
2026-09-19 15:03:09,815 INFO o.a.j.t.JMeterThread: Thread is done: Thread Group 1-5
2026-09-19 15:03:09,815 INFO o.a.j.t.JMeterThread: Thread is done: Thread Group 1-8
2026-09-19 15:03:09,815 INFO o.a.j.t.JMeterThread: Thread finished: Thread Group 1-5
2026-09-19 15:03:09,815 INFO o.a.j.t.JMeterThread: Thread finished: Thread Group 1-8
2026-09-19 15:03:10,220 INFO o.a.j.t.JMeterThread: Thread is done: Thread Group 1-6
2026-09-19 15:03:10,220 INFO o.a.j.t.JMeterThread: Thread finished: Thread Group 1-6
2026-09-19 15:03:10,221 INFO o.a.j.e.StandardJMeterEngine: Notifying test listeners of end of test
2026-09-19 15:03:10,222 INFO o.a.j.r.Summariser: summary +     23 in 00:00:07 =    3.3/s Avg:   217 Min:    19 Max:   573 Err:     0 (0.00%) Active: 0 Started: 8 Finished: 8
2026-09-19 15:03:10,223 INFO o.a.j.r.Summariser: summary =     80 in 00:00:28 =    2.9/s Avg:   173 Min:     8 Max:   573 Err:     0 (0.00%)
